src/models/community_post.model.ts(115,21): error TS2339: Property 'id' does not exist on type 'FlatRecord<{ views: number; type: PostType; status: PostStatus; photos: string[]; title: string; author_id: string; tags?: { breed?: string | null | undefined; color?: string | null | undefined; price?: number | ... 1 more ... | undefined; } | null | undefined; ... 4 more ...; contact_info?: { ...; } | ... 1 more .....'.
src/models/community_post.model.ts(116,24): error TS2790: The operand of a 'delete' operator must be optional.
src/models/community_post.model.ts(117,24): error TS2790: The operand of a 'delete' operator must be optional.
src/models/dog_profile.model.ts(43,21): error TS2339: Property 'id' does not exist on type 'FlatRecord<{ name: string; breed: string; owner_id: string; gender: "male" | "female"; photos: string[]; avatarPath?: string | null | undefined; birthday?: NativeDate | null | undefined; attributes?: { ...; } | ... 1 more ... | undefined; }> & { ...; } & { ...; }'.
src/models/dog_profile.model.ts(44,24): error TS2790: The operand of a 'delete' operator must be optional.
src/models/dog_profile.model.ts(45,24): error TS2790: The operand of a 'delete' operator must be optional.
src/models/health_record.model.ts(35,21): error TS2339: Property 'id' does not exist on type 'FlatRecord<{ type: "vaccine" | "checkup" | "medicine" | "surgery" | "other"; date: NativeDate; dog_id: ObjectId; title: string; attachments: string[]; notes?: string | null | undefined; nextDueDate?: NativeDate | ... 1 more ... | undefined; vetName?: string | ... 1 more ... | undefined; }> & { ...; } & { ...; }'.
src/models/health_record.model.ts(36,24): error TS2790: The operand of a 'delete' operator must be optional.
src/models/health_record.model.ts(37,24): error TS2790: The operand of a 'delete' operator must be optional.
src/routes/bff_dog.route.ts(3,30): error TS2307: Cannot find module '../middlewares/validation.middleware' or its corresponding type declarations.
src/routes/bff_dog.route.ts(4,76): error TS2307: Cannot find module '../validation' or its corresponding type declarations.
src/routes/bff_post.route.ts(3,30): error TS2307: Cannot find module '../middlewares/validation.middleware' or its corresponding type declarations.
src/routes/bff_post.route.ts(4,52): error TS2307: Cannot find module '../validation' or its corresponding type declarations.
src/utils/validation.ts(2,38): error TS2307: Cannot find module './models/community_post.model' or its corresponding type declarations.
